#-----------------------------------------------------------
# Vivado v2020.2 (64-bit)
# SW Build 3064766 on Wed Nov 18 09:12:45 MST 2020
# IP Build 3064653 on Wed Nov 18 14:17:31 MST 2020
# Start of session at: Sun Apr 19 11:01:32 2026
# Process ID: 18748
# Current directory: C:/Users/DELL/OneDrive/Desktop/Async_FIFO/project_fifo_basic
# Command line: vivado.exe -gui_launcher_event rodinguilauncherevent17228 C:\Users\DELL\OneDrive\Desktop\Async_FIFO\project_fifo_basic\project_fifo_basic.xpr
# Log file: C:/Users/DELL/OneDrive/Desktop/Async_FIFO/project_fifo_basic/vivado.log
# Journal file: C:/Users/DELL/OneDrive/Desktop/Async_FIFO/project_fifo_basic\vivado.jou
#-----------------------------------------------------------
start_gui
open_project C:/Users/DELL/OneDrive/Desktop/Async_FIFO/project_fifo_basic/project_fifo_basic.xpr
WARNING: [filemgmt 56-3] Default IP Output Path : Could not find the directory 'C:/Users/DELL/OneDrive/Desktop/Async_FIFO/project_fifo_basic/project_fifo_basic.gen/sources_1'.
Scanning sources...
Finished scanning sources
INFO: [IP_Flow 19-234] Refreshing IP repositories
INFO: [IP_Flow 19-1704] No user IP repositories specified
INFO: [IP_Flow 19-2313] Loaded Vivado IP repository 'D:/Vivado/Vivado/2020.2/data/ip'.
open_project: Time (s): cpu = 00:00:19 ; elapsed = 00:00:23 . Memory (MB): peak = 1113.285 ; gain = 0.000
update_compile_order -fileset sources_1
exit
INFO: [Common 17-206] Exiting Vivado at Sun Apr 19 20:22:28 2026...
